[     143ms] [INFO] %cDownload the React DevTools for a better development experience: https://react.dev/link/react-devtools font-weight:bold @ http://localhost:3011/_next/static/chunks/0.b9_next_dist_0mf9ihx._.js:2431
[     167ms] [LOG] [HMR] connected @ http://localhost:3011/_next/static/chunks/0.b9_next_dist_0mf9ihx._.js:2431
[    2580ms] [ERROR] Failed to load resource: net::ERR_CONNECTION_REFUSED @ http://localhost:3012/v1/auth/me:0
[  453212ms] [ERROR] WebSocket connection to 'ws://localhost:3011/_next/webpack-hmr?id=y3sbIKWkOLBxh9qlX_yJM' failed: Error in connection establishment: net::ERR_CONNECTION_REFUSED @ http://localhost:3011/_next/static/chunks/0.b9_next_dist_client_0fgv188._.js:13299
[  456299ms] [LOG] [HMR] connected @ http://localhost:3011/_next/static/chunks/0.b9_next_dist_0mf9ihx._.js:2431
[  457636ms] [INFO] %cDownload the React DevTools for a better development experience: https://react.dev/link/react-devtools font-weight:bold @ http://localhost:3011/_next/static/chunks/0.b9_next_dist_0mf9ihx._.js:2431
[  457673ms] [LOG] [HMR] connected @ http://localhost:3011/_next/static/chunks/0.b9_next_dist_0mf9ihx._.js:2431
[  460067ms] [ERROR] Failed to load resource: net::ERR_CONNECTION_REFUSED @ http://localhost:3012/v1/auth/me:0
[  501561ms] [LOG] [Fast Refresh] rebuilding @ http://localhost:3011/_next/static/chunks/0.b9_next_dist_0mf9ihx._.js:2431
[  501707ms] [LOG] [Fast Refresh] done in 92ms @ http://localhost:3011/_next/static/chunks/0.b9_next_dist_0mf9ihx._.js:2431
[  510710ms] [LOG] [Fast Refresh] rebuilding @ http://localhost:3011/_next/static/chunks/0.b9_next_dist_0mf9ihx._.js:2431
[  510809ms] [LOG] [Fast Refresh] done in 79ms @ http://localhost:3011/_next/static/chunks/0.b9_next_dist_0mf9ihx._.js:2431
[  844297ms] [LOG] [Fast Refresh] rebuilding @ http://localhost:3011/_next/static/chunks/0.b9_next_dist_0mf9ihx._.js:2431
[  844437ms] [LOG] [Fast Refresh] done in 89ms @ http://localhost:3011/_next/static/chunks/0.b9_next_dist_0mf9ihx._.js:2431
[  845715ms] [LOG] [Fast Refresh] rebuilding @ http://localhost:3011/_next/static/chunks/0.b9_next_dist_0mf9ihx._.js:2431
[  846305ms] [LOG] [Fast Refresh] done in 693ms @ http://localhost:3011/_next/static/chunks/0.b9_next_dist_0mf9ihx._.js:2431
[  850990ms] [LOG] [Fast Refresh] rebuilding @ http://localhost:3011/_next/static/chunks/0.b9_next_dist_0mf9ihx._.js:2431
[  851022ms] [LOG] [Fast Refresh] done in 140ms @ http://localhost:3011/_next/static/chunks/0.b9_next_dist_0mf9ihx._.js:2431
[  862488ms] [LOG] [Fast Refresh] rebuilding @ http://localhost:3011/_next/static/chunks/0.b9_next_dist_0mf9ihx._.js:2431
[  862709ms] [LOG] [Fast Refresh] done in 326ms @ http://localhost:3011/_next/static/chunks/0.b9_next_dist_0mf9ihx._.js:2431
[  917335ms] [LOG] [Fast Refresh] rebuilding @ http://localhost:3011/_next/static/chunks/0.b9_next_dist_0mf9ihx._.js:2431
[  917471ms] [LOG] [Fast Refresh] done in 64ms @ http://localhost:3011/_next/static/chunks/0.b9_next_dist_0mf9ihx._.js:2431
[  921720ms] [LOG] [Fast Refresh] rebuilding @ http://localhost:3011/_next/static/chunks/0.b9_next_dist_0mf9ihx._.js:2431
[  921930ms] [LOG] [Fast Refresh] done in 150ms @ http://localhost:3011/_next/static/chunks/0.b9_next_dist_0mf9ihx._.js:2431
[  922305ms] [LOG] [Fast Refresh] rebuilding @ http://localhost:3011/_next/static/chunks/0.b9_next_dist_0mf9ihx._.js:2431
[  922410ms] [LOG] [Fast Refresh] done in 75ms @ http://localhost:3011/_next/static/chunks/0.b9_next_dist_0mf9ihx._.js:2431
[  984461ms] [LOG] [Fast Refresh] rebuilding @ http://localhost:3011/_next/static/chunks/0.b9_next_dist_0mf9ihx._.js:2431
[  984645ms] [LOG] [Fast Refresh] done in 243ms @ http://localhost:3011/_next/static/chunks/0.b9_next_dist_0mf9ihx._.js:2431
[  989175ms] [LOG] [Fast Refresh] rebuilding @ http://localhost:3011/_next/static/chunks/0.b9_next_dist_0mf9ihx._.js:2431
[  989316ms] [LOG] [Fast Refresh] done in 203ms @ http://localhost:3011/_next/static/chunks/0.b9_next_dist_0mf9ihx._.js:2431
[  992291ms] [LOG] [Fast Refresh] rebuilding @ http://localhost:3011/_next/static/chunks/0.b9_next_dist_0mf9ihx._.js:2431
[  992296ms] [LOG] [Fast Refresh] done in 119ms @ http://localhost:3011/_next/static/chunks/0.b9_next_dist_0mf9ihx._.js:2431
[ 1041270ms] [LOG] [Fast Refresh] rebuilding @ http://localhost:3011/_next/static/chunks/0.b9_next_dist_0mf9ihx._.js:2431
[ 1041372ms] [LOG] [Fast Refresh] done in 217ms @ http://localhost:3011/_next/static/chunks/0.b9_next_dist_0mf9ihx._.js:2431
[ 1044399ms] [LOG] [Fast Refresh] rebuilding @ http://localhost:3011/_next/static/chunks/0.b9_next_dist_0mf9ihx._.js:2431
[ 1044898ms] [LOG] [Fast Refresh] done in 612ms @ http://localhost:3011/_next/static/chunks/0.b9_next_dist_0mf9ihx._.js:2431
[ 1047711ms] [LOG] [Fast Refresh] rebuilding @ http://localhost:3011/_next/static/chunks/0.b9_next_dist_0mf9ihx._.js:2431
[ 1048141ms] [LOG] [Fast Refresh] done in 545ms @ http://localhost:3011/_next/static/chunks/0.b9_next_dist_0mf9ihx._.js:2431
[ 1089815ms] [LOG] [HMR] connected @ http://localhost:3011/_next/static/chunks/0.b9_next_dist_0mf9ihx._.js:2431
[ 1090770ms] [INFO] %cDownload the React DevTools for a better development experience: https://react.dev/link/react-devtools font-weight:bold @ http://localhost:3011/_next/static/chunks/0.b9_next_dist_0mf9ihx._.js:2431
[ 1090822ms] [LOG] [HMR] connected @ http://localhost:3011/_next/static/chunks/0.b9_next_dist_0mf9ihx._.js:2431
[ 1093229ms] [ERROR] Failed to load resource: net::ERR_CONNECTION_REFUSED @ http://localhost:3012/v1/auth/me:0
[ 1135882ms] [LOG] [Fast Refresh] rebuilding @ http://localhost:3011/_next/static/chunks/0.b9_next_dist_0mf9ihx._.js:2431
[ 1136779ms] [LOG] [Fast Refresh] done in 668ms @ http://localhost:3011/_next/static/chunks/0.b9_next_dist_0mf9ihx._.js:2431
[ 1150523ms] [LOG] [Fast Refresh] rebuilding @ http://localhost:3011/_next/static/chunks/0.b9_next_dist_0mf9ihx._.js:2431
[ 1151019ms] [LOG] [Fast Refresh] done in 598ms @ http://localhost:3011/_next/static/chunks/0.b9_next_dist_0mf9ihx._.js:2431
[ 1164828ms] [LOG] [Fast Refresh] rebuilding @ http://localhost:3011/_next/static/chunks/0.b9_next_dist_0mf9ihx._.js:2431
[ 1165560ms] [LOG] [Fast Refresh] done in 836ms @ http://localhost:3011/_next/static/chunks/0.b9_next_dist_0mf9ihx._.js:2431
[ 1166396ms] [LOG] [Fast Refresh] rebuilding @ http://localhost:3011/_next/static/chunks/0.b9_next_dist_0mf9ihx._.js:2431
[ 1167015ms] [LOG] [Fast Refresh] done in 729ms @ http://localhost:3011/_next/static/chunks/0.b9_next_dist_0mf9ihx._.js:2431
[ 1167167ms] [LOG] [Fast Refresh] rebuilding @ http://localhost:3011/_next/static/chunks/0.b9_next_dist_0mf9ihx._.js:2431
[ 1167243ms] [LOG] [Fast Refresh] done in 181ms @ http://localhost:3011/_next/static/chunks/0.b9_next_dist_0mf9ihx._.js:2431
[ 1199266ms] [LOG] [Fast Refresh] rebuilding @ http://localhost:3011/_next/static/chunks/0.b9_next_dist_0mf9ihx._.js:2431
[ 1199409ms] [LOG] [Fast Refresh] done in 111ms @ http://localhost:3011/_next/static/chunks/0.b9_next_dist_0mf9ihx._.js:2431
[ 1208638ms] [LOG] [Fast Refresh] rebuilding @ http://localhost:3011/_next/static/chunks/0.b9_next_dist_0mf9ihx._.js:2431
[ 1208729ms] [LOG] [Fast Refresh] done in 88ms @ http://localhost:3011/_next/static/chunks/0.b9_next_dist_0mf9ihx._.js:2431
[ 1208846ms] [LOG] [Fast Refresh] rebuilding @ http://localhost:3011/_next/static/chunks/0.b9_next_dist_0mf9ihx._.js:2431
[ 1208863ms] [LOG] [Fast Refresh] done in 124ms @ http://localhost:3011/_next/static/chunks/0.b9_next_dist_0mf9ihx._.js:2431
[ 1224120ms] [LOG] [Fast Refresh] rebuilding @ http://localhost:3011/_next/static/chunks/0.b9_next_dist_0mf9ihx._.js:2431
[ 1224273ms] [LOG] [Fast Refresh] done in 171ms @ http://localhost:3011/_next/static/chunks/0.b9_next_dist_0mf9ihx._.js:2431
[ 1224383ms] [LOG] [Fast Refresh] rebuilding @ http://localhost:3011/_next/static/chunks/0.b9_next_dist_0mf9ihx._.js:2431
[ 1224423ms] [LOG] [Fast Refresh] done in 143ms @ http://localhost:3011/_next/static/chunks/0.b9_next_dist_0mf9ihx._.js:2431
[ 1230626ms] [LOG] [Fast Refresh] rebuilding @ http://localhost:3011/_next/static/chunks/0.b9_next_dist_0mf9ihx._.js:2431
[ 1230698ms] [LOG] [Fast Refresh] done in 173ms @ http://localhost:3011/_next/static/chunks/0.b9_next_dist_0mf9ihx._.js:2431
[ 1240768ms] [LOG] [Fast Refresh] rebuilding @ http://localhost:3011/_next/static/chunks/0.b9_next_dist_0mf9ihx._.js:2431
[ 1240835ms] [LOG] [Fast Refresh] done in 124ms @ http://localhost:3011/_next/static/chunks/0.b9_next_dist_0mf9ihx._.js:2431
[ 1240938ms] [LOG] [Fast Refresh] rebuilding @ http://localhost:3011/_next/static/chunks/0.b9_next_dist_0mf9ihx._.js:2431
[ 1240951ms] [LOG] [Fast Refresh] done in 116ms @ http://localhost:3011/_next/static/chunks/0.b9_next_dist_0mf9ihx._.js:2431
[ 1241065ms] [LOG] [Fast Refresh] rebuilding @ http://localhost:3011/_next/static/chunks/0.b9_next_dist_0mf9ihx._.js:2431
[ 1241074ms] [LOG] [Fast Refresh] done in 117ms @ http://localhost:3011/_next/static/chunks/0.b9_next_dist_0mf9ihx._.js:2431
[ 1254373ms] [LOG] [Fast Refresh] rebuilding @ http://localhost:3011/_next/static/chunks/0.b9_next_dist_0mf9ihx._.js:2431
[ 1254514ms] [LOG] [Fast Refresh] done in 255ms @ http://localhost:3011/_next/static/chunks/0.b9_next_dist_0mf9ihx._.js:2431
[ 1256174ms] [LOG] [Fast Refresh] rebuilding @ http://localhost:3011/_next/static/chunks/0.b9_next_dist_0mf9ihx._.js:2431
[ 1256181ms] [LOG] [Fast Refresh] done in 109ms @ http://localhost:3011/_next/static/chunks/0.b9_next_dist_0mf9ihx._.js:2431
[ 1257715ms] [LOG] [Fast Refresh] rebuilding @ http://localhost:3011/_next/static/chunks/0.b9_next_dist_0mf9ihx._.js:2431
[ 1257747ms] [LOG] [Fast Refresh] done in 146ms @ http://localhost:3011/_next/static/chunks/0.b9_next_dist_0mf9ihx._.js:2431
[ 1267155ms] [LOG] [Fast Refresh] rebuilding @ http://localhost:3011/_next/static/chunks/0.b9_next_dist_0mf9ihx._.js:2431
[ 1267301ms] [LOG] [Fast Refresh] done in 124ms @ http://localhost:3011/_next/static/chunks/0.b9_next_dist_0mf9ihx._.js:2431
[ 1267412ms] [LOG] [Fast Refresh] rebuilding @ http://localhost:3011/_next/static/chunks/0.b9_next_dist_0mf9ihx._.js:2431
[ 1267489ms] [LOG] [Fast Refresh] done in 182ms @ http://localhost:3011/_next/static/chunks/0.b9_next_dist_0mf9ihx._.js:2431
[ 1269913ms] [LOG] [Fast Refresh] rebuilding @ http://localhost:3011/_next/static/chunks/0.b9_next_dist_0mf9ihx._.js:2431
[ 1270110ms] [LOG] [Fast Refresh] done in 114ms @ http://localhost:3011/_next/static/chunks/0.b9_next_dist_0mf9ihx._.js:2431
[ 1274417ms] [LOG] [Fast Refresh] rebuilding @ http://localhost:3011/_next/static/chunks/0.b9_next_dist_0mf9ihx._.js:2431
[ 1274502ms] [LOG] [Fast Refresh] done in 82ms @ http://localhost:3011/_next/static/chunks/0.b9_next_dist_0mf9ihx._.js:2431
[ 1274616ms] [LOG] [Fast Refresh] rebuilding @ http://localhost:3011/_next/static/chunks/0.b9_next_dist_0mf9ihx._.js:2431
[ 1274620ms] [LOG] [Fast Refresh] done in 117ms @ http://localhost:3011/_next/static/chunks/0.b9_next_dist_0mf9ihx._.js:2431
[ 1299101ms] [LOG] [Fast Refresh] rebuilding @ http://localhost:3011/_next/static/chunks/0.b9_next_dist_0mf9ihx._.js:2431
[ 1299237ms] [LOG] [Fast Refresh] done in 68ms @ http://localhost:3011/_next/static/chunks/0.b9_next_dist_0mf9ihx._.js:2431
[ 1299347ms] [LOG] [Fast Refresh] rebuilding @ http://localhost:3011/_next/static/chunks/0.b9_next_dist_0mf9ihx._.js:2431
[ 1299378ms] [LOG] [Fast Refresh] done in 136ms @ http://localhost:3011/_next/static/chunks/0.b9_next_dist_0mf9ihx._.js:2431
[ 1351248ms] [LOG] [Fast Refresh] rebuilding @ http://localhost:3011/_next/static/chunks/0.b9_next_dist_0mf9ihx._.js:2431
[ 1351747ms] [LOG] [Fast Refresh] done in 75ms @ http://localhost:3011/_next/static/chunks/0.b9_next_dist_0mf9ihx._.js:2431
[ 1357867ms] [LOG] [Fast Refresh] rebuilding @ http://localhost:3011/_next/static/chunks/0.b9_next_dist_0mf9ihx._.js:2431
[ 1358045ms] [LOG] [Fast Refresh] done in 67ms @ http://localhost:3011/_next/static/chunks/0.b9_next_dist_0mf9ihx._.js:2431
[ 1360281ms] [LOG] [Fast Refresh] rebuilding @ http://localhost:3011/_next/static/chunks/0.b9_next_dist_0mf9ihx._.js:2431
[ 1360310ms] [LOG] [Fast Refresh] done in 134ms @ http://localhost:3011/_next/static/chunks/0.b9_next_dist_0mf9ihx._.js:2431
[ 1374574ms] [LOG] [Fast Refresh] rebuilding @ http://localhost:3011/_next/static/chunks/0.b9_next_dist_0mf9ihx._.js:2431
[ 1374674ms] [LOG] [Fast Refresh] done in 85ms @ http://localhost:3011/_next/static/chunks/0.b9_next_dist_0mf9ihx._.js:2431
[ 1374780ms] [LOG] [Fast Refresh] rebuilding @ http://localhost:3011/_next/static/chunks/0.b9_next_dist_0mf9ihx._.js:2431
[ 1374786ms] [LOG] [Fast Refresh] done in 109ms @ http://localhost:3011/_next/static/chunks/0.b9_next_dist_0mf9ihx._.js:2431
[ 1377870ms] [LOG] [Fast Refresh] rebuilding @ http://localhost:3011/_next/static/chunks/0.b9_next_dist_0mf9ihx._.js:2431
[ 1377972ms] [LOG] [Fast Refresh] done in 69ms @ http://localhost:3011/_next/static/chunks/0.b9_next_dist_0mf9ihx._.js:2431
[ 1423505ms] [LOG] [Fast Refresh] rebuilding @ http://localhost:3011/_next/static/chunks/0.b9_next_dist_0mf9ihx._.js:2431
[ 1423828ms] [LOG] [Fast Refresh] done in 86ms @ http://localhost:3011/_next/static/chunks/0.b9_next_dist_0mf9ihx._.js:2431
[ 1431328ms] [LOG] [Fast Refresh] rebuilding @ http://localhost:3011/_next/static/chunks/0.b9_next_dist_0mf9ihx._.js:2431
[ 1431589ms] [LOG] [Fast Refresh] done in 114ms @ http://localhost:3011/_next/static/chunks/0.b9_next_dist_0mf9ihx._.js:2431
[ 1434990ms] [LOG] [Fast Refresh] rebuilding @ http://localhost:3011/_next/static/chunks/0.b9_next_dist_0mf9ihx._.js:2431
[ 1435155ms] [LOG] [Fast Refresh] done in 72ms @ http://localhost:3011/_next/static/chunks/0.b9_next_dist_0mf9ihx._.js:2431
[ 1436492ms] [LOG] [Fast Refresh] rebuilding @ http://localhost:3011/_next/static/chunks/0.b9_next_dist_0mf9ihx._.js:2431
[ 1436694ms] [LOG] [Fast Refresh] done in 83ms @ http://localhost:3011/_next/static/chunks/0.b9_next_dist_0mf9ihx._.js:2431
[ 1444356ms] [LOG] [Fast Refresh] rebuilding @ http://localhost:3011/_next/static/chunks/0.b9_next_dist_0mf9ihx._.js:2431
[ 1444556ms] [LOG] [Fast Refresh] done in 81ms @ http://localhost:3011/_next/static/chunks/0.b9_next_dist_0mf9ihx._.js:2431
[ 1485708ms] [LOG] [Fast Refresh] rebuilding @ http://localhost:3011/_next/static/chunks/0.b9_next_dist_0mf9ihx._.js:2431
[ 1486055ms] [LOG] [Fast Refresh] done in 103ms @ http://localhost:3011/_next/static/chunks/0.b9_next_dist_0mf9ihx._.js:2431
[ 1550566ms] [LOG] [Fast Refresh] rebuilding @ http://localhost:3011/_next/static/chunks/0.b9_next_dist_0mf9ihx._.js:2431
[ 1550571ms] [WARNING] [Fast Refresh] performing full reload

Fast Refresh will perform a full reload when you edit a file that's imported by modules outside of the React rendering tree.
You might have a file which exports a React component but also exports a value that is imported by a non-React component file.
Consider migrating the non-React component export to a separate file and importing it into both files.

It is also possible the parent component of the component you edited is a class component, which disables Fast Refresh.
Fast Refresh requires at least one parent function component in your React tree. @ http://localhost:3011/_next/static/chunks/0.b9_next_dist_0mf9ihx._.js:2431
[ 1550962ms] [LOG] [Fast Refresh] done in 106ms @ http://localhost:3011/_next/static/chunks/0.b9_next_dist_0mf9ihx._.js:2431
[ 1551085ms] [LOG] [Fast Refresh] rebuilding @ http://localhost:3011/_next/static/chunks/0.b9_next_dist_0mf9ihx._.js:2431
[ 1551241ms] [LOG] [Fast Refresh] done in 259ms @ http://localhost:3011/_next/static/chunks/0.b9_next_dist_0mf9ihx._.js:2431
[ 1551383ms] [INFO] %cDownload the React DevTools for a better development experience: https://react.dev/link/react-devtools font-weight:bold @ http://localhost:3011/_next/static/chunks/0.b9_next_dist_0mf9ihx._.js:2431
[ 1551416ms] [LOG] [HMR] connected @ http://localhost:3011/_next/static/chunks/0.b9_next_dist_0mf9ihx._.js:2431
[ 1551484ms] [ERROR] Failed to load resource: the server responded with a status of 401 (Unauthorized) @ http://localhost:3012/v1/auth/me:0
[ 1566678ms] [LOG] [Fast Refresh] rebuilding @ http://localhost:3011/_next/static/chunks/0.b9_next_dist_0mf9ihx._.js:2431
[ 1566717ms] [LOG] [Fast Refresh] done in 150ms @ http://localhost:3011/_next/static/chunks/0.b9_next_dist_0mf9ihx._.js:2431
[ 1647759ms] [LOG] [Fast Refresh] rebuilding @ http://localhost:3011/_next/static/chunks/0.b9_next_dist_0mf9ihx._.js:2431
[ 1647760ms] [WARNING] [Fast Refresh] performing full reload

Fast Refresh will perform a full reload when you edit a file that's imported by modules outside of the React rendering tree.
You might have a file which exports a React component but also exports a value that is imported by a non-React component file.
Consider migrating the non-React component export to a separate file and importing it into both files.

It is also possible the parent component of the component you edited is a class component, which disables Fast Refresh.
Fast Refresh requires at least one parent function component in your React tree. @ http://localhost:3011/_next/static/chunks/0.b9_next_dist_0mf9ihx._.js:2431
[ 1648065ms] [LOG] [Fast Refresh] done in 84ms @ http://localhost:3011/_next/static/chunks/0.b9_next_dist_0mf9ihx._.js:2431
[ 1648230ms] [INFO] %cDownload the React DevTools for a better development experience: https://react.dev/link/react-devtools font-weight:bold @ http://localhost:3011/_next/static/chunks/0.b9_next_dist_0mf9ihx._.js:2431
[ 1648267ms] [LOG] [HMR] connected @ http://localhost:3011/_next/static/chunks/0.b9_next_dist_0mf9ihx._.js:2431
[ 1648383ms] [ERROR] Failed to load resource: the server responded with a status of 401 (Unauthorized) @ http://localhost:3012/v1/auth/me:0
[ 1654153ms] [LOG] [Fast Refresh] rebuilding @ http://localhost:3011/_next/static/chunks/0.b9_next_dist_0mf9ihx._.js:2431
[ 1654154ms] [WARNING] [Fast Refresh] performing full reload

Fast Refresh will perform a full reload when you edit a file that's imported by modules outside of the React rendering tree.
You might have a file which exports a React component but also exports a value that is imported by a non-React component file.
Consider migrating the non-React component export to a separate file and importing it into both files.

It is also possible the parent component of the component you edited is a class component, which disables Fast Refresh.
Fast Refresh requires at least one parent function component in your React tree. @ http://localhost:3011/_next/static/chunks/0.b9_next_dist_0mf9ihx._.js:2431
[ 1654192ms] [LOG] [Fast Refresh] done in 88ms @ http://localhost:3011/_next/static/chunks/0.b9_next_dist_0mf9ihx._.js:2431
[ 1654318ms] [LOG] [Fast Refresh] rebuilding @ http://localhost:3011/_next/static/chunks/0.b9_next_dist_0mf9ihx._.js:2431
[ 1654667ms] [LOG] [Fast Refresh] done in 460ms @ http://localhost:3011/_next/static/chunks/0.b9_next_dist_0mf9ihx._.js:2431
[ 1654822ms] [INFO] %cDownload the React DevTools for a better development experience: https://react.dev/link/react-devtools font-weight:bold @ http://localhost:3011/_next/static/chunks/0.b9_next_dist_0mf9ihx._.js:2431
[ 1654845ms] [LOG] [HMR] connected @ http://localhost:3011/_next/static/chunks/0.b9_next_dist_0mf9ihx._.js:2431
[ 1654911ms] [ERROR] Failed to load resource: the server responded with a status of 401 (Unauthorized) @ http://localhost:3012/v1/auth/me:0
[ 1659875ms] [LOG] [Fast Refresh] rebuilding @ http://localhost:3011/_next/static/chunks/0.b9_next_dist_0mf9ihx._.js:2431
[ 1659955ms] [LOG] [Fast Refresh] done in 66ms @ http://localhost:3011/_next/static/chunks/0.b9_next_dist_0mf9ihx._.js:2431
[ 1665590ms] [LOG] [Fast Refresh] rebuilding @ http://localhost:3011/_next/static/chunks/0.b9_next_dist_0mf9ihx._.js:2431
[ 1665706ms] [LOG] [Fast Refresh] done in 60ms @ http://localhost:3011/_next/static/chunks/0.b9_next_dist_0mf9ihx._.js:2431
[ 1760163ms] [LOG] [Fast Refresh] rebuilding @ http://localhost:3011/_next/static/chunks/0.b9_next_dist_0mf9ihx._.js:2431
[ 1760172ms] [LOG] [Fast Refresh] done in 112ms @ http://localhost:3011/_next/static/chunks/0.b9_next_dist_0mf9ihx._.js:2431
[ 1761844ms] [LOG] [Fast Refresh] rebuilding @ http://localhost:3011/_next/static/chunks/0.b9_next_dist_0mf9ihx._.js:2431
[ 1761845ms] [LOG] [Fast Refresh] done in 106ms @ http://localhost:3011/_next/static/chunks/0.b9_next_dist_0mf9ihx._.js:2431
[ 1769709ms] [LOG] [Fast Refresh] rebuilding @ http://localhost:3011/_next/static/chunks/0.b9_next_dist_0mf9ihx._.js:2431
[ 1769919ms] [LOG] [Fast Refresh] done in 313ms @ http://localhost:3011/_next/static/chunks/0.b9_next_dist_0mf9ihx._.js:2431
[ 1770020ms] [LOG] [Fast Refresh] rebuilding @ http://localhost:3011/_next/static/chunks/0.b9_next_dist_0mf9ihx._.js:2431
[ 1770023ms] [LOG] [Fast Refresh] done in 103ms @ http://localhost:3011/_next/static/chunks/0.b9_next_dist_0mf9ihx._.js:2431
[ 1790181ms] [LOG] [Fast Refresh] rebuilding @ http://localhost:3011/_next/static/chunks/0.b9_next_dist_0mf9ihx._.js:2431
[ 1790245ms] [LOG] [Fast Refresh] done in 168ms @ http://localhost:3011/_next/static/chunks/0.b9_next_dist_0mf9ihx._.js:2431
[ 1820583ms] [LOG] [Fast Refresh] rebuilding @ http://localhost:3011/_next/static/chunks/0.b9_next_dist_0mf9ihx._.js:2431
[ 1821085ms] [LOG] [Fast Refresh] done in 616ms @ http://localhost:3011/_next/static/chunks/0.b9_next_dist_0mf9ihx._.js:2431
[ 1833871ms] [LOG] [Fast Refresh] rebuilding @ http://localhost:3011/_next/static/chunks/0.b9_next_dist_0mf9ihx._.js:2431
[ 1834031ms] [LOG] [Fast Refresh] done in 103ms @ http://localhost:3011/_next/static/chunks/0.b9_next_dist_0mf9ihx._.js:2431
[ 1834143ms] [LOG] [Fast Refresh] rebuilding @ http://localhost:3011/_next/static/chunks/0.b9_next_dist_0mf9ihx._.js:2431
[ 1834171ms] [LOG] [Fast Refresh] done in 136ms @ http://localhost:3011/_next/static/chunks/0.b9_next_dist_0mf9ihx._.js:2431
[ 1834700ms] [LOG] [Fast Refresh] rebuilding @ http://localhost:3011/_next/static/chunks/0.b9_next_dist_0mf9ihx._.js:2431
[ 1835117ms] [LOG] [Fast Refresh] done in 530ms @ http://localhost:3011/_next/static/chunks/0.b9_next_dist_0mf9ihx._.js:2431
[ 1839633ms] [LOG] [Fast Refresh] rebuilding @ http://localhost:3011/_next/static/chunks/0.b9_next_dist_0mf9ihx._.js:2431
[ 1839774ms] [LOG] [Fast Refresh] done in 79ms @ http://localhost:3011/_next/static/chunks/0.b9_next_dist_0mf9ihx._.js:2431
[ 1839882ms] [LOG] [Fast Refresh] rebuilding @ http://localhost:3011/_next/static/chunks/0.b9_next_dist_0mf9ihx._.js:2431
[ 1839908ms] [LOG] [Fast Refresh] done in 130ms @ http://localhost:3011/_next/static/chunks/0.b9_next_dist_0mf9ihx._.js:2431
[ 1843813ms] [LOG] [Fast Refresh] rebuilding @ http://localhost:3011/_next/static/chunks/0.b9_next_dist_0mf9ihx._.js:2431
[ 1844114ms] [LOG] [Fast Refresh] done in 84ms @ http://localhost:3011/_next/static/chunks/0.b9_next_dist_0mf9ihx._.js:2431
[ 1847782ms] [LOG] [Fast Refresh] rebuilding @ http://localhost:3011/_next/static/chunks/0.b9_next_dist_0mf9ihx._.js:2431
[ 1847917ms] [LOG] [Fast Refresh] done in 90ms @ http://localhost:3011/_next/static/chunks/0.b9_next_dist_0mf9ihx._.js:2431
[ 1851247ms] [LOG] [Fast Refresh] rebuilding @ http://localhost:3011/_next/static/chunks/0.b9_next_dist_0mf9ihx._.js:2431
[ 1851260ms] [LOG] [Fast Refresh] done in 123ms @ http://localhost:3011/_next/static/chunks/0.b9_next_dist_0mf9ihx._.js:2431
[ 1853296ms] [LOG] [Fast Refresh] rebuilding @ http://localhost:3011/_next/static/chunks/0.b9_next_dist_0mf9ihx._.js:2431
[ 1853314ms] [LOG] [Fast Refresh] done in 122ms @ http://localhost:3011/_next/static/chunks/0.b9_next_dist_0mf9ihx._.js:2431
[ 1857260ms] [LOG] [Fast Refresh] rebuilding @ http://localhost:3011/_next/static/chunks/0.b9_next_dist_0mf9ihx._.js:2431
[ 1857447ms] [LOG] [Fast Refresh] done in 104ms @ http://localhost:3011/_next/static/chunks/0.b9_next_dist_0mf9ihx._.js:2431
[ 1860011ms] [LOG] [Fast Refresh] rebuilding @ http://localhost:3011/_next/static/chunks/0.b9_next_dist_0mf9ihx._.js:2431
[ 1860189ms] [LOG] [Fast Refresh] done in 283ms @ http://localhost:3011/_next/static/chunks/0.b9_next_dist_0mf9ihx._.js:2431
[ 1873555ms] [LOG] [Fast Refresh] rebuilding @ http://localhost:3011/_next/static/chunks/0.b9_next_dist_0mf9ihx._.js:2431
[ 1873623ms] [LOG] [Fast Refresh] done in 170ms @ http://localhost:3011/_next/static/chunks/0.b9_next_dist_0mf9ihx._.js:2431
[ 1883876ms] [ERROR] WebSocket connection to 'ws://localhost:3011/_next/webpack-hmr?id=SsqjYlOvD0mIA1srXinyi' failed: Error in connection establishment: net::ERR_CONNECTION_REFUSED @ http://localhost:3011/_next/static/chunks/0.b9_next_dist_client_0fgv188._.js:13299
[ 1887233ms] [ERROR] WebSocket connection to 'ws://localhost:3011/_next/webpack-hmr?id=SsqjYlOvD0mIA1srXinyi' failed: Error in connection establishment: net::ERR_CONNECTION_REFUSED @ http://localhost:3011/_next/static/chunks/0.b9_next_dist_client_0fgv188._.js:13299
[ 1890605ms] [ERROR] WebSocket connection to 'ws://localhost:3011/_next/webpack-hmr?id=SsqjYlOvD0mIA1srXinyi' failed: Error in connection establishment: net::ERR_CONNECTION_REFUSED @ http://localhost:3011/_next/static/chunks/0.b9_next_dist_client_0fgv188._.js:13299
